// Jest Snapshot v1, https://goo.gl/fbAQLP

exports[`RaspberryPiUser 1`] = `
Object {
  "Resources": Object {
    "User00B015A1": Object {
      "Properties": Object {
        "ManagedPolicyArns": Array [
          Object {
            "Fn::Join": Array [
              "",
              Array [
                "arn:",
                Object {
                  "Ref": "AWS::Partition",
                },
                ":iam::aws:policy/AWSCodeDeployFullAccess",
              ],
            ],
          },
        ],
      },
      "Type": "AWS::IAM::User",
    },
  },
}
`;
